// Jest Snapshot v1, https://goo.gl/fbAQLP

exports[`RewardsPill renders correctly 1`] = `
[
  <View
    accessibilityState={
      {
        "busy": undefined,
        "checked": undefined,
        "disabled": undefined,
        "expanded": undefined,
        "selected": undefined,
      }
    }
    accessibilityValue={
      {
        "max": undefined,
        "min": undefined,
        "now": undefined,
        "text": undefined,
      }
    }
    accessible={true}
    focusable={true}
    nativeBackgroundAndroid={
      {
        "attribute": "selectableItemBackground",
        "rippleRadius": undefined,
        "type": "ThemeAttrAndroid",
      }
    }
    onClick={[Function]}
    onResponderGrant={[Function]}
    onResponderMove={[Function]}
    onResponderRelease={[Function]}
    onResponderTerminate={[Function]}
    onResponderTerminationRequest={[Function]}
    onStartShouldSetResponder={[Function]}
    style={
      {
        "alignItems": "center",
        "backgroundColor": "#F1FDF1",
        "borderRadius": 15,
        "flexDirection": "row",
        "height": 30,
        "justifyContent": "center",
        "paddingHorizontal": 12,
      }
    }
    testID="EarnRewards"
  >
    <svg
      fill="none"
      height={14}
      testID="ValoraV"
      width={18}
    >
      <path
        d="M10.494 13.667c.67-5.201 3.126-8.16 6.84-10.844L15.434.333c-2.429 1.854-5.08 4.482-6.31 8.105C8.122 5.478 6.028 2.878 2.65.333L.667 2.878C4.882 5.866 7.004 9.213 7.59 13.667h2.904Z"
        fill="#137211"
      />
    </svg>
    <Text
      style={
        [
          {
            "fontFamily": "Inter-SemiBold",
            "fontSize": 14,
            "lineHeight": 20,
          },
          {
            "color": "#137211",
          },
          {
            "marginLeft": 5,
          },
        ]
      }
    >
      rewards
    </Text>
  </View>,
  ")",
]
`;
