// Jest Snapshot v1, https://goo.gl/fbAQLP

exports[`RewardsPill renders correctly 1`] = `
[
  <View
    accessibilityState={
      {
        "busy": undefined,
        "checked": undefined,
        "disabled": undefined,
        "expanded": undefined,
        "selected": undefined,
      }
    }
    accessibilityValue={
      {
        "max": undefined,
        "min": undefined,
        "now": undefined,
        "text": undefined,
      }
    }
    accessible={true}
    focusable={true}
    nativeBackgroundAndroid={
      {
        "attribute": "selectableItemBackground",
        "rippleRadius": undefined,
        "type": "ThemeAttrAndroid",
      }
    }
    onClick={[Function]}
    onResponderGrant={[Function]}
    onResponderMove={[Function]}
    onResponderRelease={[Function]}
    onResponderTerminate={[Function]}
    onResponderTerminationRequest={[Function]}
    onStartShouldSetResponder={[Function]}
    style={
      {
        "alignItems": "center",
        "backgroundColor": "#F1FDF1",
        "borderRadius": 15,
        "flexDirection": "row",
        "height": 30,
        "justifyContent": "center",
        "paddingHorizontal": 12,
      }
    }
    testID="EarnRewards"
  >
    <View
      style={
        [
          {
            "shadowColor": "rgba(46, 51, 56, 0.15)",
            "shadowOffset": {
              "height": 0,
              "width": 0,
            },
            "shadowOpacity": 1,
            "shadowRadius": 2,
          },
          undefined,
        ]
      }
    >
      <svg
        fill="none"
        height={18}
        viewBox="0 0 32 32"
        width={18}
      >
        <g>
          <path
            d="M18.39 26.77c1.072-8.36 5.002-13.12 10.943-17.434l-3.037-4.003c-3.886 2.98-8.13 7.205-10.095 13.032-1.608-4.76-4.958-8.94-10.363-13.032L2.667 9.425C9.41 14.228 12.807 19.61 13.744 26.77h4.646z"
            fill="#137211"
          />
        </g>
        <defs>
          <linearGradient
            gradientUnits="userSpaceOnUse"
            id="prefix__paint0_linear"
            x1={34.337}
            x2={28.937}
            y1={10.054}
            y2={30.49}
          >
            <stop
              offset={0.118}
              stopColor="#35D07F"
            />
            <stop
              offset={0.802}
              stopColor="#FBCC5C"
            />
          </linearGradient>
        </defs>
      </svg>
    </View>
    <Text
      style={
        [
          {
            "fontFamily": "Inter-SemiBold",
            "fontSize": 14,
            "lineHeight": 20,
          },
          {
            "color": "#137211",
          },
          {
            "marginLeft": 5,
          },
        ]
      }
    >
      rewards
    </Text>
  </View>,
  ")",
]
`;
