// Jest Snapshot v1, https://goo.gl/fbAQLP

exports[`NotificationBox renders correctly for with all notifications 1`] = `
<View
  style={
    {
      "maxWidth": 750,
      "width": 750,
    }
  }
>
  <RCTScrollView
    horizontal={true}
    onScroll={[Function]}
    pagingEnabled={true}
    showsHorizontalScrollIndicator={false}
    testID="CTA/ScrollContainer"
  >
    <View>
      <View
        style={
          {
            "margin": 16,
            "width": 718,
          }
        }
        testID="NotificationView/backup_prompt"
      >
        <View
          style={
            [
              {
                "backgroundColor": "#FFFFFF",
                "padding": 16,
              },
              {
                "borderRadius": 8,
              },
              undefined,
              [
                {
                  "borderColor": "#E6E6E6",
                  "borderWidth": 1,
                  "flex": 1,
                  "minHeight": 144,
                },
                {},
              ],
            ]
          }
          testID="BackupKeyNotification"
        >
          <View
            style={
              {
                "flex": 1,
                "flexDirection": "row",
              }
            }
          >
            <View
              style={
                {
                  "flex": 1,
                  "justifyContent": "space-between",
                }
              }
            >
              <View>
                <Text
                  style={
                    {
                      "color": "#2E3338",
                      "fontFamily": "Inter-Regular",
                      "fontSize": 18,
                      "lineHeight": 24,
                    }
                  }
                  testID="BackupKeyNotification/Text"
                >
                  backupKeyNotification2
                </Text>
              </View>
              <View
                style={
                  {
                    "flexDirection": "row",
                    "flexWrap": "wrap",
                    "justifyContent": "flex-start",
                  }
                }
                testID="BackupKeyNotification/CallToActions"
              >
                <View
                  accessibilityState={
                    {
                      "busy": undefined,
                      "checked": undefined,
                      "disabled": undefined,
                      "expanded": undefined,
                      "selected": undefined,
                    }
                  }
                  accessibilityValue={
                    {
                      "max": undefined,
                      "min": undefined,
                      "now": undefined,
                      "text": undefined,
                    }
                  }
                  accessible={true}
                  focusable={true}
                  nativeBackgroundAndroid={
                    {
                      "attribute": "selectableItemBackgroundBorderless",
                      "rippleRadius": undefined,
                      "type": "ThemeAttrAndroid",
                    }
                  }
                  onClick={[Function]}
                  onResponderGrant={[Function]}
                  onResponderMove={[Function]}
                  onResponderRelease={[Function]}
                  onResponderTerminate={[Function]}
                  onResponderTerminationRequest={[Function]}
                  onStartShouldSetResponder={[Function]}
                  testID="BackupKeyNotification/CallToActions/backupKeyCTA/Button"
                >
                  <Text
                    style={
                      [
                        {
                          "color": "#1AB775",
                          "fontFamily": "Inter-SemiBold",
                          "fontSize": 16,
                          "lineHeight": 24,
                        },
                        {
                          "fontSize": 14,
                          "lineHeight": 16,
                          "marginRight": 24,
                          "minHeight": 16,
                          "minWidth": 48,
                        },
                      ]
                    }
                  >
                    backupKeyCTA
                  </Text>
                </View>
              </View>
            </View>
            <View
              style={
                {
                  "alignItems": "center",
                  "justifyContent": "center",
                  "marginHorizontal": 12,
                  "minWidth": 80,
                }
              }
            >
              <svg
                fill="none"
                height={86}
                style={{}}
                width={92}
                xmlns="http://www.w3.org/2000/svg"
              >
                <path
                  d="M55.21 45.03H43.809m-7.602 6.923v-6.922h7.602m0 0v6.922"
                  stroke="#2E3338"
                  strokeWidth={2}
                  style={{}}
                />
                <ellipse
                  cx={59.846}
                  cy={45.03}
                  rx={4.635}
                  ry={4.615}
                  stroke="#2E3338"
                  strokeWidth={2}
                  style={{}}
                />
                <path
                  d="M51.31 9.975C32.23 9.123 12.923 18.71.555 35.59.555 12.447 27.2-.95 49.688.053c22.486 1.004 42.651 17.855 41.948 33.46C79.3 19.364 70.389 10.827 51.31 9.974Z"
                  fill="#FFE768"
                  style={
                    {
                      "mixBlendMode": "multiply",
                    }
                  }
                />
                <path
                  d="M44.094 74.222c18.46 4.876 30.448-.389 46.14-14.26-9.533 17.387-29.03 29.826-50.787 24.08-21.756-5.747-30.592-27.23-22.944-44.767 2.318 14.306 9.13 30.071 27.59 34.947Z"
                  fill="#42D689"
                  style={
                    {
                      "mixBlendMode": "multiply",
                    }
                  }
                />
                <path
                  d="M20.831 34.857c-6.733 14.522-3.984 31.144 4.585 46.605C9.704 73.626 4.652 50.175 12.586 33.06c7.936-17.115 29.068-23.775 40.862-17.893l-.043.009c-11.618 2.327-25.85 5.177-32.574 19.681Z"
                  fill="#FF6F43"
                  style={
                    {
                      "mixBlendMode": "multiply",
                    }
                  }
                />
                <path
                  d="M78.36 44.298c.798-16.3-5.86-29.026-20.368-39.65 17.916.869 30.129 17.227 30.129 39.65s-21.78 36.46-35.228 35.807C66.617 72.58 77.563 60.6 78.36 44.298Z"
                  fill="#92D8FF"
                  style={
                    {
                      "mixBlendMode": "multiply",
                    }
                  }
                />
              </svg>
            </View>
          </View>
        </View>
      </View>
      <View
        style={
          {
            "margin": 16,
            "width": 718,
          }
        }
        testID="NotificationView/start_supercharging"
      >
        <View
          style={
            [
              {
                "backgroundColor": "#FFFFFF",
                "padding": 16,
              },
              {
                "borderRadius": 8,
              },
              undefined,
              [
                {
                  "borderColor": "#E6E6E6",
                  "borderWidth": 1,
                  "flex": 1,
                  "minHeight": 144,
                },
                {},
              ],
            ]
          }
          testID="start_supercharging"
        >
          <View
            style={
              {
                "flex": 1,
                "flexDirection": "row",
              }
            }
          >
            <View
              style={
                {
                  "flex": 1,
                  "justifyContent": "space-between",
                }
              }
            >
              <View>
                <Text
                  style={
                    {
                      "color": "#2E3338",
                      "fontFamily": "Inter-Regular",
                      "fontSize": 18,
                      "lineHeight": 24,
                    }
                  }
                  testID="start_supercharging/Text"
                >
                  startSuperchargingNotificationBody
                </Text>
              </View>
              <View
                style={
                  {
                    "flexDirection": "row",
                    "flexWrap": "wrap",
                    "justifyContent": "flex-start",
                  }
                }
                testID="start_supercharging/CallToActions"
              >
                <View
                  accessibilityState={
                    {
                      "busy": undefined,
                      "checked": undefined,
                      "disabled": undefined,
                      "expanded": undefined,
                      "selected": undefined,
                    }
                  }
                  accessibilityValue={
                    {
                      "max": undefined,
                      "min": undefined,
                      "now": undefined,
                      "text": undefined,
                    }
                  }
                  accessible={true}
                  focusable={true}
                  nativeBackgroundAndroid={
                    {
                      "attribute": "selectableItemBackgroundBorderless",
                      "rippleRadius": undefined,
                      "type": "ThemeAttrAndroid",
                    }
                  }
                  onClick={[Function]}
                  onResponderGrant={[Function]}
                  onResponderMove={[Function]}
                  onResponderRelease={[Function]}
                  onResponderTerminate={[Function]}
                  onResponderTerminationRequest={[Function]}
                  onStartShouldSetResponder={[Function]}
                  testID="start_supercharging/CallToActions/startSuperchargingNotificationStart/Button"
                >
                  <Text
                    style={
                      [
                        {
                          "color": "#1AB775",
                          "fontFamily": "Inter-SemiBold",
                          "fontSize": 16,
                          "lineHeight": 24,
                        },
                        {
                          "fontSize": 14,
                          "lineHeight": 16,
                          "marginRight": 24,
                          "minHeight": 16,
                          "minWidth": 48,
                        },
                      ]
                    }
                  >
                    startSuperchargingNotificationStart
                  </Text>
                </View>
                <View
                  accessibilityState={
                    {
                      "busy": undefined,
                      "checked": undefined,
                      "disabled": undefined,
                      "expanded": undefined,
                      "selected": undefined,
                    }
                  }
                  accessibilityValue={
                    {
                      "max": undefined,
                      "min": undefined,
                      "now": undefined,
                      "text": undefined,
                    }
                  }
                  accessible={true}
                  focusable={true}
                  nativeBackgroundAndroid={
                    {
                      "attribute": "selectableItemBackgroundBorderless",
                      "rippleRadius": undefined,
                      "type": "ThemeAttrAndroid",
                    }
                  }
                  onClick={[Function]}
                  onResponderGrant={[Function]}
                  onResponderMove={[Function]}
                  onResponderRelease={[Function]}
                  onResponderTerminate={[Function]}
                  onResponderTerminationRequest={[Function]}
                  onStartShouldSetResponder={[Function]}
                  testID="start_supercharging/CallToActions/dismiss/Button"
                >
                  <Text
                    style={
                      [
                        {
                          "color": "#1AB775",
                          "fontFamily": "Inter-SemiBold",
                          "fontSize": 16,
                          "lineHeight": 24,
                        },
                        {
                          "color": "#666666",
                          "fontSize": 14,
                          "lineHeight": 16,
                          "marginRight": 24,
                          "minHeight": 16,
                          "minWidth": 48,
                        },
                      ]
                    }
                  >
                    dismiss
                  </Text>
                </View>
              </View>
            </View>
            <View
              style={
                {
                  "alignItems": "center",
                  "justifyContent": "center",
                  "marginHorizontal": 12,
                  "minWidth": 80,
                }
              }
            >
              <Image
                resizeMode="contain"
                source={
                  {
                    "testUri": "../../../src/images/boost-rewards.png",
                  }
                }
                style={
                  {
                    "height": "100%",
                    "width": "100%",
                  }
                }
                testID="start_supercharging/Icon"
              />
            </View>
          </View>
        </View>
      </View>
      <View
        style={
          {
            "margin": 16,
            "width": 718,
          }
        }
        testID="NotificationView/verification_prompt"
      >
        <View
          style={
            [
              {
                "backgroundColor": "#FFFFFF",
                "padding": 16,
              },
              {
                "borderRadius": 8,
              },
              undefined,
              [
                {
                  "borderColor": "#E6E6E6",
                  "borderWidth": 1,
                  "flex": 1,
                  "minHeight": 144,
                },
                {},
              ],
            ]
          }
          testID="verification_prompt"
        >
          <View
            style={
              {
                "flex": 1,
                "flexDirection": "row",
              }
            }
          >
            <View
              style={
                {
                  "flex": 1,
                  "justifyContent": "space-between",
                }
              }
            >
              <View>
                <Text
                  style={
                    {
                      "color": "#2E3338",
                      "fontFamily": "Inter-Regular",
                      "fontSize": 18,
                      "lineHeight": 24,
                    }
                  }
                  testID="verification_prompt/Text"
                >
                  notification.body
                </Text>
              </View>
              <View
                style={
                  {
                    "flexDirection": "row",
                    "flexWrap": "wrap",
                    "justifyContent": "flex-start",
                  }
                }
                testID="verification_prompt/CallToActions"
              >
                <View
                  accessibilityState={
                    {
                      "busy": undefined,
                      "checked": undefined,
                      "disabled": undefined,
                      "expanded": undefined,
                      "selected": undefined,
                    }
                  }
                  accessibilityValue={
                    {
                      "max": undefined,
                      "min": undefined,
                      "now": undefined,
                      "text": undefined,
                    }
                  }
                  accessible={true}
                  focusable={true}
                  nativeBackgroundAndroid={
                    {
                      "attribute": "selectableItemBackgroundBorderless",
                      "rippleRadius": undefined,
                      "type": "ThemeAttrAndroid",
                    }
                  }
                  onClick={[Function]}
                  onResponderGrant={[Function]}
                  onResponderMove={[Function]}
                  onResponderRelease={[Function]}
                  onResponderTerminate={[Function]}
                  onResponderTerminationRequest={[Function]}
                  onStartShouldSetResponder={[Function]}
                  testID="verification_prompt/CallToActions/notification.cta/Button"
                >
                  <Text
                    style={
                      [
                        {
                          "color": "#1AB775",
                          "fontFamily": "Inter-SemiBold",
                          "fontSize": 16,
                          "lineHeight": 24,
                        },
                        {
                          "fontSize": 14,
                          "lineHeight": 16,
                          "marginRight": 24,
                          "minHeight": 16,
                          "minWidth": 48,
                        },
                      ]
                    }
                  >
                    notification.cta
                  </Text>
                </View>
                <View
                  accessibilityState={
                    {
                      "busy": undefined,
                      "checked": undefined,
                      "disabled": undefined,
                      "expanded": undefined,
                      "selected": undefined,
                    }
                  }
                  accessibilityValue={
                    {
                      "max": undefined,
                      "min": undefined,
                      "now": undefined,
                      "text": undefined,
                    }
                  }
                  accessible={true}
                  focusable={true}
                  nativeBackgroundAndroid={
                    {
                      "attribute": "selectableItemBackgroundBorderless",
                      "rippleRadius": undefined,
                      "type": "ThemeAttrAndroid",
                    }
                  }
                  onClick={[Function]}
                  onResponderGrant={[Function]}
                  onResponderMove={[Function]}
                  onResponderRelease={[Function]}
                  onResponderTerminate={[Function]}
                  onResponderTerminationRequest={[Function]}
                  onStartShouldSetResponder={[Function]}
                  testID="verification_prompt/CallToActions/dismiss/Button"
                >
                  <Text
                    style={
                      [
                        {
                          "color": "#1AB775",
                          "fontFamily": "Inter-SemiBold",
                          "fontSize": 16,
                          "lineHeight": 24,
                        },
                        {
                          "color": "#666666",
                          "fontSize": 14,
                          "lineHeight": 16,
                          "marginRight": 24,
                          "minHeight": 16,
                          "minWidth": 48,
                        },
                      ]
                    }
                  >
                    dismiss
                  </Text>
                </View>
              </View>
            </View>
            <View
              style={
                {
                  "alignItems": "center",
                  "justifyContent": "center",
                  "marginHorizontal": 12,
                  "minWidth": 80,
                }
              }
            >
              <Image
                resizeMode="contain"
                source={
                  {
                    "testUri": "../../../src/images/get-verified.png",
                  }
                }
                style={
                  {
                    "height": "100%",
                    "width": "100%",
                  }
                }
                testID="verification_prompt/Icon"
              />
            </View>
          </View>
        </View>
      </View>
      <View
        style={
          {
            "margin": 16,
            "width": 718,
          }
        }
        testID="NotificationView/testNotification"
      >
        <View
          style={
            [
              {
                "backgroundColor": "#FFFFFF",
                "padding": 16,
              },
              {
                "borderRadius": 8,
              },
              undefined,
              [
                {
                  "borderColor": "#E6E6E6",
                  "borderWidth": 1,
                  "flex": 1,
                  "minHeight": 144,
                },
                {},
              ],
            ]
          }
          testID="testNotification"
        >
          <View
            style={
              {
                "flex": 1,
                "flexDirection": "row",
              }
            }
          >
            <View
              style={
                {
                  "flex": 1,
                  "justifyContent": "space-between",
                }
              }
            >
              <View>
                <Text
                  style={
                    {
                      "color": "#2E3338",
                      "fontFamily": "Inter-Regular",
                      "fontSize": 18,
                      "lineHeight": 24,
                    }
                  }
                  testID="testNotification/Text"
                >
                  Body Text
                </Text>
              </View>
              <View
                style={
                  {
                    "flexDirection": "row",
                    "flexWrap": "wrap",
                    "justifyContent": "flex-start",
                  }
                }
                testID="testNotification/CallToActions"
              >
                <View
                  accessibilityState={
                    {
                      "busy": undefined,
                      "checked": undefined,
                      "disabled": undefined,
                      "expanded": undefined,
                      "selected": undefined,
                    }
                  }
                  accessibilityValue={
                    {
                      "max": undefined,
                      "min": undefined,
                      "now": undefined,
                      "text": undefined,
                    }
                  }
                  accessible={true}
                  focusable={true}
                  nativeBackgroundAndroid={
                    {
                      "attribute": "selectableItemBackgroundBorderless",
                      "rippleRadius": undefined,
                      "type": "ThemeAttrAndroid",
                    }
                  }
                  onClick={[Function]}
                  onResponderGrant={[Function]}
                  onResponderMove={[Function]}
                  onResponderRelease={[Function]}
                  onResponderTerminate={[Function]}
                  onResponderTerminationRequest={[Function]}
                  onStartShouldSetResponder={[Function]}
                  testID="testNotification/CallToActions/Start/Button"
                >
                  <Text
                    style={
                      [
                        {
                          "color": "#1AB775",
                          "fontFamily": "Inter-SemiBold",
                          "fontSize": 16,
                          "lineHeight": 24,
                        },
                        {
                          "fontSize": 14,
                          "lineHeight": 16,
                          "marginRight": 24,
                          "minHeight": 16,
                          "minWidth": 48,
                        },
                      ]
                    }
                  >
                    Start
                  </Text>
                </View>
                <View
                  accessibilityState={
                    {
                      "busy": undefined,
                      "checked": undefined,
                      "disabled": undefined,
                      "expanded": undefined,
                      "selected": undefined,
                    }
                  }
                  accessibilityValue={
                    {
                      "max": undefined,
                      "min": undefined,
                      "now": undefined,
                      "text": undefined,
                    }
                  }
                  accessible={true}
                  focusable={true}
                  nativeBackgroundAndroid={
                    {
                      "attribute": "selectableItemBackgroundBorderless",
                      "rippleRadius": undefined,
                      "type": "ThemeAttrAndroid",
                    }
                  }
                  onClick={[Function]}
                  onResponderGrant={[Function]}
                  onResponderMove={[Function]}
                  onResponderRelease={[Function]}
                  onResponderTerminate={[Function]}
                  onResponderTerminationRequest={[Function]}
                  onStartShouldSetResponder={[Function]}
                  testID="testNotification/CallToActions/Dismiss/Button"
                >
                  <Text
                    style={
                      [
                        {
                          "color": "#1AB775",
                          "fontFamily": "Inter-SemiBold",
                          "fontSize": 16,
                          "lineHeight": 24,
                        },
                        {
                          "color": "#666666",
                          "fontSize": 14,
                          "lineHeight": 16,
                          "marginRight": 24,
                          "minHeight": 16,
                          "minWidth": 48,
                        },
                      ]
                    }
                  >
                    Dismiss
                  </Text>
                </View>
              </View>
            </View>
          </View>
        </View>
      </View>
      <View
        style={
          {
            "margin": 16,
            "width": 718,
          }
        }
        testID="NotificationView/celo_asset_education"
      >
        <View
          style={
            [
              {
                "backgroundColor": "#FFFFFF",
                "padding": 16,
              },
              {
                "borderRadius": 8,
              },
              undefined,
              [
                {
                  "borderColor": "#E6E6E6",
                  "borderWidth": 1,
                  "flex": 1,
                  "minHeight": 144,
                },
                {},
              ],
            ]
          }
          testID="celo_asset_education"
        >
          <View
            style={
              {
                "flex": 1,
                "flexDirection": "row",
              }
            }
          >
            <View
              style={
                {
                  "flex": 1,
                  "justifyContent": "space-between",
                }
              }
            >
              <View>
                <Text
                  style={
                    {
                      "color": "#2E3338",
                      "fontFamily": "Inter-Regular",
                      "fontSize": 18,
                      "lineHeight": 24,
                    }
                  }
                  testID="celo_asset_education/Text"
                >
                  whatIsGold
                </Text>
              </View>
              <View
                style={
                  {
                    "flexDirection": "row",
                    "flexWrap": "wrap",
                    "justifyContent": "flex-start",
                  }
                }
                testID="celo_asset_education/CallToActions"
              >
                <View
                  accessibilityState={
                    {
                      "busy": undefined,
                      "checked": undefined,
                      "disabled": undefined,
                      "expanded": undefined,
                      "selected": undefined,
                    }
                  }
                  accessibilityValue={
                    {
                      "max": undefined,
                      "min": undefined,
                      "now": undefined,
                      "text": undefined,
                    }
                  }
                  accessible={true}
                  focusable={true}
                  nativeBackgroundAndroid={
                    {
                      "attribute": "selectableItemBackgroundBorderless",
                      "rippleRadius": undefined,
                      "type": "ThemeAttrAndroid",
                    }
                  }
                  onClick={[Function]}
                  onResponderGrant={[Function]}
                  onResponderMove={[Function]}
                  onResponderRelease={[Function]}
                  onResponderTerminate={[Function]}
                  onResponderTerminationRequest={[Function]}
                  onStartShouldSetResponder={[Function]}
                  testID="celo_asset_education/CallToActions/learnMore/Button"
                >
                  <Text
                    style={
                      [
                        {
                          "color": "#1AB775",
                          "fontFamily": "Inter-SemiBold",
                          "fontSize": 16,
                          "lineHeight": 24,
                        },
                        {
                          "fontSize": 14,
                          "lineHeight": 16,
                          "marginRight": 24,
                          "minHeight": 16,
                          "minWidth": 48,
                        },
                      ]
                    }
                  >
                    learnMore
                  </Text>
                </View>
                <View
                  accessibilityState={
                    {
                      "busy": undefined,
                      "checked": undefined,
                      "disabled": undefined,
                      "expanded": undefined,
                      "selected": undefined,
                    }
                  }
                  accessibilityValue={
                    {
                      "max": undefined,
                      "min": undefined,
                      "now": undefined,
                      "text": undefined,
                    }
                  }
                  accessible={true}
                  focusable={true}
                  nativeBackgroundAndroid={
                    {
                      "attribute": "selectableItemBackgroundBorderless",
                      "rippleRadius": undefined,
                      "type": "ThemeAttrAndroid",
                    }
                  }
                  onClick={[Function]}
                  onResponderGrant={[Function]}
                  onResponderMove={[Function]}
                  onResponderRelease={[Function]}
                  onResponderTerminate={[Function]}
                  onResponderTerminationRequest={[Function]}
                  onStartShouldSetResponder={[Function]}
                  testID="celo_asset_education/CallToActions/dismiss/Button"
                >
                  <Text
                    style={
                      [
                        {
                          "color": "#1AB775",
                          "fontFamily": "Inter-SemiBold",
                          "fontSize": 16,
                          "lineHeight": 24,
                        },
                        {
                          "color": "#666666",
                          "fontSize": 14,
                          "lineHeight": 16,
                          "marginRight": 24,
                          "minHeight": 16,
                          "minWidth": 48,
                        },
                      ]
                    }
                  >
                    dismiss
                  </Text>
                </View>
              </View>
            </View>
            <View
              style={
                {
                  "alignItems": "center",
                  "justifyContent": "center",
                  "marginHorizontal": 12,
                  "minWidth": 80,
                }
              }
            >
              <Image
                resizeMode="contain"
                source={
                  {
                    "testUri": "../../../src/images/learn-celo.png",
                  }
                }
                style={
                  {
                    "height": "100%",
                    "width": "100%",
                  }
                }
                testID="celo_asset_education/Icon"
              />
            </View>
          </View>
        </View>
      </View>
    </View>
  </RCTScrollView>
  <View
    style={
      [
        {
          "alignItems": "center",
          "flexDirection": "row",
          "justifyContent": "center",
        },
        {
          "paddingBottom": 16,
        },
      ]
    }
  >
    <View
      style={
        {
          "backgroundColor": "#2E3338",
          "borderRadius": 5,
          "flex": 0,
          "height": 5,
          "marginHorizontal": 3,
          "width": 5,
        }
      }
    />
    <View
      style={
        {
          "backgroundColor": "#666666",
          "borderRadius": 5,
          "flex": 0,
          "height": 5,
          "marginHorizontal": 3,
          "width": 5,
        }
      }
    />
    <View
      style={
        {
          "backgroundColor": "#666666",
          "borderRadius": 5,
          "flex": 0,
          "height": 5,
          "marginHorizontal": 3,
          "width": 5,
        }
      }
    />
    <View
      style={
        {
          "backgroundColor": "#666666",
          "borderRadius": 5,
          "flex": 0,
          "height": 5,
          "marginHorizontal": 3,
          "width": 5,
        }
      }
    />
    <View
      style={
        {
          "backgroundColor": "#666666",
          "borderRadius": 5,
          "flex": 0,
          "height": 5,
          "marginHorizontal": 3,
          "width": 5,
        }
      }
    />
  </View>
</View>
`;
