// Jest Snapshot v1, https://goo.gl/fbAQLP

exports[`ExchangeFeeIcon renders correctly 1`] = `
Array [
  <View
    accessible={true}
    focusable={true}
    hitSlop={
      Object {
        "bottom": 10,
        "left": 10,
        "right": 10,
        "top": 10,
      }
    }
    nativeBackgroundAndroid={
      Object {
        "attribute": "selectableItemBackgroundBorderless",
        "rippleRadius": undefined,
        "type": "ThemeAttrAndroid",
      }
    }
    onClick={[Function]}
    onResponderGrant={[Function]}
    onResponderMove={[Function]}
    onResponderRelease={[Function]}
    onResponderTerminate={[Function]}
    onResponderTerminationRequest={[Function]}
    onStartShouldSetResponder={[Function]}
    style={
      Object {
        "alignItems": "center",
        "justifyContent": "flex-end",
        "paddingHorizontal": 5,
      }
    }
  >
    <svg
      fill="none"
      height={12}
      viewBox="0 0 16 16"
      width={12}
    >
      <circle
        cx="8"
        cy="8"
        r="7"
        stroke="#2E3338"
        strokeWidth="1.25"
      />
      <path
        d="M8 12V7M8 6V5"
        stroke="#2E3338"
        strokeWidth="1.25"
      />
    </svg>
  </View>,
  <Modal
    animationType="none"
    deviceHeight={1334}
    deviceWidth={null}
    hardwareAccelerated={false}
    hideModalContentWhileAnimating={false}
    onBackdropPress={[Function]}
    onModalHide={[Function]}
    onModalWillHide={[Function]}
    onModalWillShow={[Function]}
    onRequestClose={[Function]}
    panResponderThreshold={4}
    scrollHorizontal={false}
    scrollOffset={0}
    scrollOffsetMax={0}
    scrollTo={null}
    statusBarTranslucent={true}
    supportedOrientations={
      Array [
        "portrait",
        "landscape",
      ]
    }
    swipeThreshold={100}
    transparent={true}
    visible={false}
  />,
]
`;

exports[`SecurityFeeIcon renders correctly 1`] = `
Array [
  <View
    accessible={true}
    focusable={true}
    hitSlop={
      Object {
        "bottom": 10,
        "left": 10,
        "right": 10,
        "top": 10,
      }
    }
    nativeBackgroundAndroid={
      Object {
        "attribute": "selectableItemBackgroundBorderless",
        "rippleRadius": undefined,
        "type": "ThemeAttrAndroid",
      }
    }
    onClick={[Function]}
    onResponderGrant={[Function]}
    onResponderMove={[Function]}
    onResponderRelease={[Function]}
    onResponderTerminate={[Function]}
    onResponderTerminationRequest={[Function]}
    onStartShouldSetResponder={[Function]}
    style={
      Object {
        "alignItems": "center",
        "justifyContent": "flex-end",
        "paddingHorizontal": 5,
      }
    }
  >
    <svg
      fill="none"
      height={12}
      viewBox="0 0 16 16"
      width={12}
    >
      <circle
        cx="8"
        cy="8"
        r="7"
        stroke="#2E3338"
        strokeWidth="1.25"
      />
      <path
        d="M8 12V7M8 6V5"
        stroke="#2E3338"
        strokeWidth="1.25"
      />
    </svg>
  </View>,
  <Modal
    animationType="none"
    deviceHeight={1334}
    deviceWidth={null}
    hardwareAccelerated={false}
    hideModalContentWhileAnimating={false}
    onBackdropPress={[Function]}
    onModalHide={[Function]}
    onModalWillHide={[Function]}
    onModalWillShow={[Function]}
    onRequestClose={[Function]}
    panResponderThreshold={4}
    scrollHorizontal={false}
    scrollOffset={0}
    scrollOffsetMax={0}
    scrollTo={null}
    statusBarTranslucent={true}
    supportedOrientations={
      Array [
        "portrait",
        "landscape",
      ]
    }
    swipeThreshold={100}
    transparent={true}
    visible={false}
  />,
]
`;
