// Jest Snapshot v1, https://goo.gl/fbAQLP

exports[`ListItem renders correctly 1`] = `
<View
  style={
    {
      "backgroundColor": "#FFFFFF",
    }
  }
>
  <View
    accessibilityState={
      {
        "busy": undefined,
        "checked": undefined,
        "disabled": undefined,
        "expanded": undefined,
        "selected": undefined,
      }
    }
    accessibilityValue={
      {
        "max": undefined,
        "min": undefined,
        "now": undefined,
        "text": undefined,
      }
    }
    accessible={true}
    focusable={true}
    nativeBackgroundAndroid={
      {
        "attribute": "selectableItemBackgroundBorderless",
        "rippleRadius": undefined,
        "type": "ThemeAttrAndroid",
      }
    }
    onClick={[Function]}
    onResponderGrant={[Function]}
    onResponderMove={[Function]}
    onResponderRelease={[Function]}
    onResponderTerminate={[Function]}
    onResponderTerminationRequest={[Function]}
    onStartShouldSetResponder={[Function]}
  >
    <View
      style={
        {
          "borderBottomColor": "#E6E6E6",
          "borderBottomWidth": 1,
          "marginHorizontal": 16,
          "paddingVertical": 16,
        }
      }
    >
      <Text>
        test
      </Text>
    </View>
  </View>
</View>
`;
