// Jest Snapshot v1, https://goo.gl/fbAQLP

exports[`TransactionFeed renders correctly when there is a response 1`] = `
<RCTScrollView
  data={
    [
      {
        "data": [
          {
            "__typename": "TokenTransferV3",
            "address": "0xd68360cce1f1ff696d898f58f03e0f1252f2ea33",
            "amount": {
              "tokenAddress": "0x874069fa1eb16d44d622f2e0ca25eea172369bc1",
              "tokenId": "celo-alfajores:0x874069fa1eb16d44d622f2e0ca25eea172369bc1",
              "value": "0.1",
            },
            "block": "8648978",
            "fees": [],
            "metadata": {},
            "networkId": "celo-alfajores",
            "status": "Complete",
            "timestamp": 1542306118,
            "transactionHash": "0x544367eaf2b01622dd1c7b75a6b19bf278d72127aecfb2e5106424c40c268e8b",
            "type": "RECEIVED",
          },
        ],
        "title": "November 2018",
      },
    ]
  }
  getItem={[Function]}
  getItemCount={[Function]}
  keyExtractor={[Function]}
  keyboardShouldPersistTaps="always"
  onContentSizeChange={[Function]}
  onEndReached={[Function]}
  onLayout={[Function]}
  onMomentumScrollBegin={[Function]}
  onMomentumScrollEnd={[Function]}
  onScroll={[Function]}
  onScrollBeginDrag={[Function]}
  onScrollEndDrag={[Function]}
  renderItem={[Function]}
  scrollEventThrottle={50}
  stickyHeaderIndices={[]}
  testID="TransactionList"
>
  <View>
    <View
      onFocusCapture={[Function]}
      onLayout={[Function]}
      style={null}
    >
      <View
        style={
          [
            {
              "alignItems": "center",
              "backgroundColor": "#FFFFFF",
              "flexDirection": "row",
              "justifyContent": "space-between",
              "paddingHorizontal": 16,
              "paddingVertical": 8,
            },
            undefined,
          ]
        }
      >
        <Text
          style={
            {
              "color": "#666666",
              "fontFamily": "Inter-Medium",
              "fontSize": 13,
              "lineHeight": 16,
            }
          }
        >
          November 2018
        </Text>
      </View>
    </View>
    <View
      onFocusCapture={[Function]}
      onLayout={[Function]}
      style={null}
    >
      <View
        accessibilityState={
          {
            "busy": undefined,
            "checked": undefined,
            "disabled": false,
            "expanded": undefined,
            "selected": undefined,
          }
        }
        accessibilityValue={
          {
            "max": undefined,
            "min": undefined,
            "now": undefined,
            "text": undefined,
          }
        }
        accessible={true}
        focusable={true}
        nativeBackgroundAndroid={
          {
            "attribute": "selectableItemBackground",
            "rippleRadius": undefined,
            "type": "ThemeAttrAndroid",
          }
        }
        onClick={[Function]}
        onResponderGrant={[Function]}
        onResponderMove={[Function]}
        onResponderRelease={[Function]}
        onResponderTerminate={[Function]}
        onResponderTerminationRequest={[Function]}
        onStartShouldSetResponder={[Function]}
        testID="TransferFeedItem"
      >
        <View
          style={
            {
              "flex": 1,
              "flexDirection": "row",
              "paddingHorizontal": 16,
              "paddingVertical": 12,
            }
          }
        >
          <View
            style={
              [
                {
                  "alignItems": "center",
                  "flexDirection": "row",
                  "justifyContent": "center",
                },
                undefined,
              ]
            }
          >
            <View
              style={
                [
                  {
                    "alignItems": "center",
                    "justifyContent": "center",
                  },
                  {
                    "backgroundColor": "hsl(192, 53%, 93%)",
                    "borderRadius": 20,
                    "height": 40,
                    "width": 40,
                  },
                ]
              }
            >
              <svg
                fill="hsl(192, 53%, 93%)"
                height="40"
                style={{}}
                viewBox="0 0 40 40"
                width="40"
              />
            </View>
          </View>
          <View
            style={
              {
                "flex": 1,
                "flexGrow": 1,
                "paddingHorizontal": 16,
              }
            }
          >
            <Text
              style={
                {
                  "color": "#2E3338",
                  "flexShrink": 1,
                  "fontFamily": "Inter-Medium",
                  "fontSize": 16,
                  "lineHeight": 22,
                }
              }
              testID="TransferFeedItem/title"
            >
              feedItemReceivedTitle, {"displayName":"feedItemAddress, {\\"address\\":\\"0xd683...ea33\\"}"}
            </Text>
            <Text
              style={
                {
                  "color": "#666666",
                  "fontFamily": "Inter-Regular",
                  "fontSize": 14,
                  "lineHeight": 18,
                  "paddingTop": 2,
                }
              }
              testID="TransferFeedItem/subtitle"
            >
              feedItemReceivedInfo, {"context":"noComment"}
            </Text>
          </View>
          <View
            style={
              {
                "alignItems": "flex-end",
                "flex": 0,
                "maxWidth": "35%",
              }
            }
          >
            <Text
              style={
                [
                  {
                    "color": "#2E3338",
                    "flexWrap": "wrap",
                    "fontFamily": "Inter-Medium",
                    "fontSize": 16,
                    "lineHeight": 22,
                    "textAlign": "right",
                  },
                  {
                    "color": "#1AB775",
                  },
                ]
              }
              testID="TransferFeedItem/amount"
            >
              +
              ₱
              0.13
            </Text>
            <Text
              style={
                {
                  "color": "#666666",
                  "flexWrap": "wrap",
                  "fontFamily": "Inter-Regular",
                  "fontSize": 14,
                  "lineHeight": 18,
                  "paddingTop": 2,
                  "textAlign": "right",
                }
              }
              testID="TransferFeedItem/tokenAmount"
            >
              0.10
               cUSD
            </Text>
          </View>
        </View>
      </View>
    </View>
    <View
      onFocusCapture={[Function]}
      onLayout={[Function]}
      style={null}
    />
  </View>
</RCTScrollView>
`;
