// Jest Snapshot v1, https://goo.gl/fbAQLP

exports[`SendConfirmation renders correctly 1`] = `
<RNCSafeAreaView
  edges={
    {
      "bottom": "off",
      "left": "off",
      "right": "off",
      "top": "additive",
    }
  }
  style={
    {
      "flex": 1,
    }
  }
>
  <View
    style={
      [
        {
          "alignItems": "center",
          "flexDirection": "row",
          "height": 56,
          "justifyContent": "space-between",
          "overflow": "hidden",
          "width": "100%",
        },
        {
          "paddingHorizontal": 16,
        },
      ]
    }
  >
    <View
      style={
        {
          "alignItems": "center",
          "justifyContent": "center",
          "left": 0,
          "position": "absolute",
          "right": 0,
        }
      }
    >
      <Text
        style={
          {
            "color": "#2E3338",
            "fontFamily": "Inter-SemiBold",
            "fontSize": 16,
            "lineHeight": 24,
            "maxWidth": 450,
          }
        }
        testID="CustomHeaderTitle"
      >
        Review Send
      </Text>
    </View>
    <View
      style={
        {
          "alignItems": "center",
          "height": "100%",
          "justifyContent": "center",
        }
      }
    >
      <View
        style={
          [
            {
              "alignItems": "center",
              "justifyContent": "center",
            },
            undefined,
          ]
        }
      >
        <View
          accessibilityState={
            {
              "busy": undefined,
              "checked": undefined,
              "disabled": undefined,
              "expanded": undefined,
              "selected": undefined,
            }
          }
          accessibilityValue={
            {
              "max": undefined,
              "min": undefined,
              "now": undefined,
              "text": undefined,
            }
          }
          accessible={true}
          focusable={true}
          hitSlop={
            {
              "bottom": 10,
              "left": 10,
              "right": 10,
              "top": 10,
            }
          }
          nativeBackgroundAndroid={
            {
              "attribute": "selectableItemBackgroundBorderless",
              "rippleRadius": undefined,
              "type": "ThemeAttrAndroid",
            }
          }
          onClick={[Function]}
          onResponderGrant={[Function]}
          onResponderMove={[Function]}
          onResponderRelease={[Function]}
          onResponderTerminate={[Function]}
          onResponderTerminationRequest={[Function]}
          onStartShouldSetResponder={[Function]}
          style={
            {
              "left": -16,
              "paddingHorizontal": 16,
              "paddingVertical": 12,
            }
          }
        >
          <svg
            fill="none"
            height={16}
            testID="BackChevron"
            viewBox="0 0 8 16"
            width={8}
          >
            <path
              clipRule="evenodd"
              d="M7.707 13.707a1 1 0 0 1-1.414 0l-6-6a1 1 0 0 1 0-1.414l6-6a1 1 0 0 1 1.414 1.414L2.414 7l5.293 5.293a1 1 0 0 1 0 1.414Z"
              fill="#2E3338"
              fillRule="evenodd"
            />
          </svg>
        </View>
      </View>
    </View>
  </View>
  <RCTScrollView
    contentContainerStyle={
      {
        "flex": 1,
        "paddingBottom": 24,
      }
    }
  >
    <View>
      <View
        style={
          {
            "flex": 1,
            "gap": 24,
            "justifyContent": "space-between",
            "margin": 16,
          }
        }
      >
        <View
          style={
            {
              "gap": 24,
            }
          }
        >
          <View
            style={
              {
                "backgroundColor": "#F8F9F9",
                "borderColor": "#E6E6E6",
                "borderRadius": 12,
                "borderWidth": 1,
                "flexShrink": 1,
                "gap": 16,
                "padding": 16,
              }
            }
          >
            <View
              style={
                {
                  "gap": 4,
                }
              }
              testID="SendConfirmationToken"
            >
              <Text
                style={
                  {
                    "color": "#757575",
                    "fontFamily": "Inter-Medium",
                    "fontSize": 14,
                    "lineHeight": 20,
                  }
                }
                testID="SendConfirmationToken/Label"
              />
              <View
                style={
                  {
                    "alignItems": "center",
                    "flexDirection": "row",
                    "gap": 8,
                  }
                }
              >
                <View>
                  <View
                    style={
                      [
                        {
                          "overflow": "hidden",
                        },
                        [
                          {
                            "left": 0,
                            "position": "relative",
                            "top": 0,
                          },
                          {
                            "borderRadius": 16,
                            "height": 32,
                            "width": 32,
                          },
                        ],
                      ]
                    }
                  >
                    <FastImageView
                      defaultSource={null}
                      resizeMode="cover"
                      source={
                        {
                          "uri": "https://raw.githubusercontent.com/ubeswap/default-token-list/master/assets/asset_cUSD.png",
                        }
                      }
                      style={
                        {
                          "bottom": 0,
                          "left": 0,
                          "position": "absolute",
                          "right": 0,
                          "top": 0,
                        }
                      }
                      testID="TokenIcon"
                    />
                  </View>
                </View>
                <View
                  style={
                    {
                      "flexShrink": 1,
                    }
                  }
                >
                  <Text
                    style={
                      {
                        "color": "#2E3338",
                        "fontFamily": "Inter-SemiBold",
                        "fontSize": 18,
                        "lineHeight": 28,
                      }
                    }
                    testID="SendConfirmationToken/PrimaryValue"
                  />
                </View>
              </View>
            </View>
            <View
              style={
                {
                  "gap": 4,
                }
              }
              testID="SendConfirmationRecipient"
            >
              <Text
                style={
                  {
                    "color": "#757575",
                    "fontFamily": "Inter-Medium",
                    "fontSize": 14,
                    "lineHeight": 20,
                  }
                }
                testID="SendConfirmationRecipient/Label"
              >
                to
              </Text>
              <View
                style={
                  {
                    "alignItems": "center",
                    "flexDirection": "row",
                    "gap": 8,
                  }
                }
              >
                <View
                  style={
                    [
                      {
                        "alignItems": "center",
                        "flexDirection": "row",
                        "justifyContent": "center",
                      },
                      undefined,
                    ]
                  }
                >
                  <View
                    style={
                      [
                        {
                          "alignItems": "center",
                          "justifyContent": "center",
                        },
                        {
                          "backgroundColor": "#E6E6E6",
                          "borderRadius": 16,
                          "height": 32,
                          "width": 32,
                        },
                        undefined,
                      ]
                    }
                  >
                    <svg
                      fill="none"
                      height={20}
                      viewBox="0 0 20 20"
                      width={20}
                    >
                      <path
                        d="M13.333 11.25c.361 0 .66-.118.896-.354s.354-.535.354-.896-.118-.66-.354-.896a1.214 1.214 0 0 0-.896-.354c-.36 0-.66.118-.896.354a1.214 1.214 0 0 0-.354.896c0 .361.118.66.354.896.237.236.535.354.896.354ZM4.167 17.5c-.459 0-.851-.163-1.178-.49a1.602 1.602 0 0 1-.489-1.177V4.167c0-.459.163-.851.49-1.178.327-.326.719-.49 1.177-.489h11.666c.459 0 .851.163 1.178.49.326.327.49.719.489 1.177V6.25h-1.667V4.167H4.167v11.666h11.666V13.75H17.5v2.083c0 .459-.163.851-.49 1.178-.327.326-.719.49-1.177.489H4.167Zm6.666-3.333c-.458 0-.85-.164-1.177-.49a1.602 1.602 0 0 1-.49-1.177v-5c0-.458.164-.85.49-1.178.327-.326.72-.49 1.177-.489h5.834c.458 0 .85.164 1.177.49.327.327.49.72.49 1.177v5c0 .458-.164.85-.49 1.178-.327.326-.72.49-1.177.489h-5.834Zm5.834-1.667v-5h-5.834v5h5.834Z"
                        fill="#2E3338"
                      />
                    </svg>
                  </View>
                </View>
                <View
                  style={
                    {
                      "flexShrink": 1,
                    }
                  }
                >
                  <Text
                    style={
                      {
                        "color": "#2E3338",
                        "fontFamily": "Inter-SemiBold",
                        "fontSize": 18,
                        "lineHeight": 28,
                      }
                    }
                    testID="SendConfirmationRecipient/PrimaryValue"
                  >
                    0x0000000000000000000000000000000000007E57
                  </Text>
                </View>
              </View>
            </View>
          </View>
          <View
            style={
              {
                "gap": 16,
                "width": "100%",
              }
            }
          >
            <View
              style={
                {
                  "flexDirection": "row",
                  "gap": 8,
                  "justifyContent": "space-between",
                }
              }
              testID="SendConfirmationNetwork"
            >
              <View
                style={
                  {
                    "alignItems": "center",
                    "flexDirection": "row",
                    "gap": 4,
                  }
                }
              >
                <Text
                  style={
                    {
                      "color": "#757575",
                      "fontFamily": "Inter-Regular",
                      "fontSize": 16,
                      "lineHeight": 24,
                    }
                  }
                  testID="SendConfirmationNetwork/Label"
                >
                  transactionDetails.network
                </Text>
              </View>
              <View>
                <Text
                  style={
                    {
                      "color": "#757575",
                      "fontFamily": "Inter-Regular",
                      "fontSize": 16,
                      "lineHeight": 24,
                    }
                  }
                  testID="SendConfirmationNetwork/Value"
                >
                  Celo Alfajores
                </Text>
              </View>
            </View>
            <View
              style={
                {
                  "flexDirection": "row",
                  "gap": 8,
                  "justifyContent": "space-between",
                }
              }
              testID="SendConfirmationFee"
            >
              <View
                style={
                  {
                    "alignItems": "center",
                    "flexDirection": "row",
                    "gap": 4,
                  }
                }
              >
                <Text
                  style={
                    {
                      "color": "#757575",
                      "fontFamily": "Inter-Regular",
                      "fontSize": 16,
                      "lineHeight": 24,
                    }
                  }
                  testID="SendConfirmationFee/Label"
                >
                  networkFee
                </Text>
              </View>
              <View>
                <Text
                  style={
                    {
                      "color": "#757575",
                      "fontFamily": "Inter-Regular",
                      "fontSize": 16,
                      "lineHeight": 24,
                    }
                  }
                  testID="SendConfirmationFee/Value"
                >
                  tokenAndLocalAmount_oneToken, {"tokenAmount":"0.01","localAmount":"0.067","tokenSymbol":"CELO","localCurrencySymbol":"₱"}
                  <Text />
                </Text>
              </View>
            </View>
            <View
              style={
                {
                  "flexDirection": "row",
                  "gap": 8,
                  "justifyContent": "space-between",
                }
              }
              testID="SendConfirmationTotal"
            >
              <View
                style={
                  {
                    "alignItems": "center",
                    "flexDirection": "row",
                    "gap": 4,
                  }
                }
              >
                <Text
                  style={
                    {
                      "color": "#2E3338",
                      "fontFamily": "Inter-SemiBold",
                      "fontSize": 16,
                      "lineHeight": 24,
                    }
                  }
                  testID="SendConfirmationTotal/Label"
                >
                  reviewTransaction.totalPlusFees
                </Text>
              </View>
              <View>
                <Text
                  style={
                    {
                      "color": "#2E3338",
                      "fontFamily": "Inter-SemiBold",
                      "fontSize": 16,
                      "lineHeight": 24,
                    }
                  }
                  testID="SendConfirmationTotal/Value"
                >
                  localAmountApprox, {"localAmount":"1.40","localCurrencySymbol":"₱"}
                </Text>
              </View>
            </View>
          </View>
        </View>
        <View
          style={
            {
              "gap": 16,
            }
          }
        >
          <View
            style={
              [
                {
                  "flexDirection": "column",
                },
                undefined,
              ]
            }
          >
            <View
              style={
                [
                  {
                    "overflow": "hidden",
                  },
                  {
                    "borderRadius": 100,
                  },
                ]
              }
            >
              <View
                accessibilityState={
                  {
                    "busy": undefined,
                    "checked": undefined,
                    "disabled": false,
                    "expanded": undefined,
                    "selected": undefined,
                  }
                }
                accessibilityValue={
                  {
                    "max": undefined,
                    "min": undefined,
                    "now": undefined,
                    "text": undefined,
                  }
                }
                accessible={true}
                focusable={true}
                nativeBackgroundAndroid={
                  {
                    "attribute": "selectableItemBackground",
                    "rippleRadius": undefined,
                    "type": "ThemeAttrAndroid",
                  }
                }
                onClick={[Function]}
                onResponderGrant={[Function]}
                onResponderMove={[Function]}
                onResponderRelease={[Function]}
                onResponderTerminate={[Function]}
                onResponderTerminationRequest={[Function]}
                onStartShouldSetResponder={[Function]}
                style={
                  [
                    {
                      "alignItems": "center",
                      "backgroundColor": "#2E3338",
                      "borderColor": "#2E3338",
                      "borderRadius": 100,
                      "borderWidth": 1,
                      "flexDirection": "row",
                      "flexGrow": 1,
                      "height": 48,
                      "justifyContent": "center",
                      "opacity": 1,
                      "paddingHorizontal": 24,
                      "paddingVertical": 5,
                    },
                    undefined,
                  ]
                }
                testID="ConfirmButton"
              >
                <Text
                  accessibilityLabel="send"
                  maxFontSizeMultiplier={1}
                  style={
                    {
                      "color": "#FFFFFF",
                      "fontFamily": "Inter-SemiBold",
                      "fontSize": 16,
                      "lineHeight": 24,
                      "marginLeft": 0,
                      "marginRight": 0,
                    }
                  }
                >
                  send
                </Text>
              </View>
            </View>
          </View>
        </View>
      </View>
    </View>
  </RCTScrollView>
</RNCSafeAreaView>
`;
