// Jest Snapshot v1, https://goo.gl/fbAQLP

exports[`NotificationList renders correctly 1`] = `
<RNCSafeAreaView
  edges={
    [
      "bottom",
      "left",
      "right",
      "top",
    ]
  }
  style={
    {
      "flex": 1,
    }
  }
>
  <RCTScrollView>
    <View>
      <View
        style={
          {
            "margin": 16,
          }
        }
      >
        <Text>
          test-a
        </Text>
      </View>
    </View>
  </RCTScrollView>
</RNCSafeAreaView>
`;
