// Jest Snapshot v1, https://goo.gl/fbAQLP

exports[`FeeContainer renders correctly 1`] = `
<View
  style={
    {
      "padding": 16,
      "paddingBottom": 8,
    }
  }
>
  <View>
    <View
      accessibilityState={
        {
          "busy": undefined,
          "checked": undefined,
          "disabled": undefined,
          "expanded": undefined,
          "selected": undefined,
        }
      }
      accessibilityValue={
        {
          "max": undefined,
          "min": undefined,
          "now": undefined,
          "text": undefined,
        }
      }
      accessible={true}
      focusable={true}
      nativeBackgroundAndroid={
        {
          "attribute": "selectableItemBackground",
          "rippleRadius": undefined,
          "type": "ThemeAttrAndroid",
        }
      }
      onClick={[Function]}
      onResponderGrant={[Function]}
      onResponderMove={[Function]}
      onResponderRelease={[Function]}
      onResponderTerminate={[Function]}
      onResponderTerminationRequest={[Function]}
      onStartShouldSetResponder={[Function]}
      testID="feeDrawer/SendConfirmation"
    >
      <View
        style={
          {
            "flexDirection": "row",
            "justifyContent": "space-between",
          }
        }
      >
        <View
          style={
            [
              {
                "alignItems": "center",
                "flexDirection": "row",
                "flexWrap": "wrap",
              },
              undefined,
            ]
          }
        >
          <Text
            style={
              {
                "color": "#2E3338",
                "fontFamily": "Inter-Regular",
                "fontSize": 16,
                "lineHeight": 22,
              }
            }
          >
            feeEstimate
          </Text>
          <View
            style={
              {
                "marginLeft": 7,
                "transform": [
                  {
                    "rotate": "0deg",
                  },
                ],
              }
            }
          >
            <svg
              fill="none"
              height={16}
              viewBox="0 0 16 16"
              width={16}
            >
              <path
                d="M3 6l5 5 5-5"
                stroke="#757575"
              />
            </svg>
          </View>
        </View>
        <View
          style={
            [
              {
                "flexDirection": "row",
                "flexWrap": "wrap",
                "justifyContent": "space-between",
                "marginVertical": 5,
              },
              undefined,
            ]
          }
        >
          <View
            style={
              {
                "alignItems": "center",
                "flexDirection": "row",
                "marginRight": 5,
              }
            }
          >
            <Text
              style={
                [
                  {
                    "color": "#2E3338",
                    "fontFamily": "Inter-Regular",
                    "fontSize": 16,
                    "lineHeight": 22,
                  },
                  undefined,
                ]
              }
              testID="LineItemRowTitle/undefined"
            />
          </View>
          <Text
            style={
              [
                {
                  "color": "#2E3338",
                  "fontFamily": "Inter-Regular",
                  "fontSize": 16,
                  "lineHeight": 22,
                },
                undefined,
              ]
            }
            testID="LineItemRow/undefined"
          >
            <Text
              style={
                [
                  undefined,
                  {
                    "color": undefined,
                  },
                ]
              }
              testID="feeDrawer/SendConfirmation/totalFee/value"
            >
              ₱
              0.0266
            </Text>
          </Text>
        </View>
      </View>
    </View>
  </View>
  <View
    style={
      [
        {
          "flexDirection": "row",
          "flexWrap": "wrap",
          "justifyContent": "space-between",
          "marginVertical": 5,
        },
        undefined,
      ]
    }
  >
    <View
      style={
        {
          "alignItems": "center",
          "flexDirection": "row",
          "marginRight": 5,
        }
      }
    >
      <Text
        style={
          [
            {
              "color": "#2E3338",
              "fontFamily": "Inter-Regular",
              "fontSize": 16,
              "lineHeight": 22,
            },
            {
              "color": "#2E3338",
              "fontFamily": "Inter-SemiBold",
              "fontSize": 16,
              "lineHeight": 22,
            },
          ]
        }
        testID="LineItemRowTitle/undefined"
      >
        total
      </Text>
    </View>
    <Text
      style={
        [
          {
            "color": "#2E3338",
            "fontFamily": "Inter-Regular",
            "fontSize": 16,
            "lineHeight": 22,
          },
          {
            "color": "#2E3338",
            "fontFamily": "Inter-SemiBold",
            "fontSize": 16,
            "lineHeight": 22,
          },
        ]
      }
      testID="LineItemRow/undefined"
    >
      <Text
        testID="TotalLineItem/Total"
      >
        ₱
        1,778.24
      </Text>
    </Text>
  </View>
  <View
    style={
      [
        {
          "flexDirection": "row",
          "flexWrap": "wrap",
          "justifyContent": "space-between",
          "marginVertical": 5,
        },
        {
          "marginVertical": 0,
        },
      ]
    }
  >
    <View
      style={
        {
          "alignItems": "center",
          "flexDirection": "row",
          "marginRight": 5,
        }
      }
    >
      <Text
        style={
          [
            {
              "color": "#2E3338",
              "fontFamily": "Inter-Regular",
              "fontSize": 16,
              "lineHeight": 22,
            },
            {
              "color": "#666666",
              "fontFamily": "Inter-Regular",
              "fontSize": 14,
              "lineHeight": 18,
            },
          ]
        }
        testID="LineItemRowTitle/undefined"
      >
        <Text
          style={
            {
              "color": "#666666",
              "fontFamily": "Inter-Regular",
              "fontSize": 14,
              "lineHeight": 18,
            }
          }
          testID="TotalLineItem/ExchangeRate"
        >
          tokenExchanteRate, {"symbol":"cUSD"}
          <Text>
            ₱
            1.33
          </Text>
        </Text>
      </Text>
    </View>
    <Text
      style={
        [
          {
            "color": "#2E3338",
            "fontFamily": "Inter-Regular",
            "fontSize": 16,
            "lineHeight": 22,
          },
          {
            "color": "#666666",
            "fontFamily": "Inter-Regular",
            "fontSize": 14,
            "lineHeight": 18,
          },
        ]
      }
      testID="LineItemRow/undefined"
    >
      <Text
        testID="TotalLineItem/Subtotal"
      >
        1,337.00
         cUSD
      </Text>
    </Text>
  </View>
</View>
`;
