// Jest Snapshot v1, https://goo.gl/fbAQLP

exports[`ExchangeTradeScreen renders correctly 1`] = `
<RNCSafeAreaView
  edges={
    Array [
      "bottom",
      "top",
    ]
  }
  style={
    Object {
      "flex": 1,
      "justifyContent": "space-between",
    }
  }
>
  <View
    style={
      Object {
        "alignItems": "center",
        "flexDirection": "row",
        "height": 56,
        "justifyContent": "space-between",
        "width": "100%",
      }
    }
  >
    <View
      style={
        Object {
          "alignItems": "center",
          "justifyContent": "center",
          "left": 0,
          "position": "absolute",
          "right": 0,
        }
      }
    >
      <View
        accessibilityState={
          Object {
            "disabled": false,
          }
        }
        accessible={true}
        focusable={true}
        nativeBackgroundAndroid={
          Object {
            "attribute": "selectableItemBackground",
            "rippleRadius": undefined,
            "type": "ThemeAttrAndroid",
          }
        }
        onClick={[Function]}
        onResponderGrant={[Function]}
        onResponderMove={[Function]}
        onResponderRelease={[Function]}
        onResponderTerminate={[Function]}
        onResponderTerminationRequest={[Function]}
        onStartShouldSetResponder={[Function]}
      >
        <View
          style={
            Object {
              "alignItems": "center",
              "justifyContent": "center",
            }
          }
        >
          <Text
            numberOfLines={1}
            style={
              Object {
                "color": "#2E3338",
                "fontFamily": "Jost-Medium",
                "fontSize": 16,
                "lineHeight": 20,
                "maxWidth": 450,
              }
            }
          >
            <Text
              style={
                Array [
                  Object {
                    "color": "#2E3338",
                    "fontFamily": "Jost-Medium",
                    "fontSize": 16,
                    "lineHeight": 20,
                    "maxWidth": 450,
                  },
                  Object {
                    "color": "#2E3338",
                  },
                ]
              }
              testID="undefined/value"
            >
              
              ₱
              400.40
            </Text>
          </Text>
          <Text
            numberOfLines={1}
            style={
              Object {
                "color": "#9CA4A9",
              }
            }
          >
            <View
              style={
                Object {
                  "flexDirection": "row",
                }
              }
              testID="HeaderCurrencyPicker"
            >
              <Text
                style={
                  Object {
                    "color": "#9CA4A9",
                  }
                }
              >
                tokenBalance, {"token":"cUSD"}
              </Text>
              <svg
                fill="none"
                height={16}
                viewBox="0 0 16 16"
                width={16}
              >
                <path
                  d="M3 6l5 5 5-5"
                  stroke="#B4B9BD"
                />
              </svg>
            </View>
          </Text>
        </View>
      </View>
    </View>
    <View
      style={
        Object {
          "alignItems": "center",
          "height": "100%",
          "justifyContent": "center",
        }
      }
    >
      <View
        style={
          Object {
            "alignItems": "center",
            "justifyContent": "center",
            "paddingLeft": 22,
          }
        }
      >
        <View
          accessible={true}
          focusable={true}
          hitSlop={
            Object {
              "bottom": 10,
              "left": 10,
              "right": 10,
              "top": 10,
            }
          }
          nativeBackgroundAndroid={
            Object {
              "attribute": "selectableItemBackgroundBorderless",
              "rippleRadius": undefined,
              "type": "ThemeAttrAndroid",
            }
          }
          onClick={[Function]}
          onResponderGrant={[Function]}
          onResponderMove={[Function]}
          onResponderRelease={[Function]}
          onResponderTerminate={[Function]}
          onResponderTerminationRequest={[Function]}
          onStartShouldSetResponder={[Function]}
        >
          <svg
            fill="none"
            height={16}
            style={Object {}}
            testID="BackChevron"
            viewBox="0 0 8 16"
            width={8}
            xmlns="http://www.w3.org/2000/svg"
          >
            <path
              clipRule="evenodd"
              d="M7.707 13.707a1 1 0 0 1-1.414 0l-6-6a1 1 0 0 1 0-1.414l6-6a1 1 0 0 1 1.414 1.414L2.414 7l5.293 5.293a1 1 0 0 1 0 1.414Z"
              fill="#2E3338"
              fillRule="evenodd"
              style={Object {}}
            />
          </svg>
        </View>
      </View>
    </View>
  </View>
  <RCTScrollView
    contentContainerStyle={
      Object {
        "paddingHorizontal": 16,
      }
    }
    keyboardShouldPersistTaps="always"
  >
    <View>
      <View
        style={
          Object {
            "alignItems": "center",
            "flexDirection": "row",
            "marginBottom": 8,
            "marginTop": 38,
          }
        }
      >
        <View>
          <Text
            style={
              Object {
                "color": "#2E3338",
                "fontFamily": "Inter-Medium",
                "fontSize": 15,
                "fontWeight": "700",
                "lineHeight": 20,
              }
            }
          >
            exchangeAmount, {"tokenName":"gold"}
          </Text>
          <View
            accessible={true}
            focusable={true}
            onClick={[Function]}
            onResponderGrant={[Function]}
            onResponderMove={[Function]}
            onResponderRelease={[Function]}
            onResponderTerminate={[Function]}
            onResponderTerminationRequest={[Function]}
            onStartShouldSetResponder={[Function]}
            style={
              Array [
                undefined,
                Object {
                  "opacity": 1,
                },
              ]
            }
            testID="ExchangeSwitchInput"
          >
            <Text
              style={
                Object {
                  "color": "#9CA4A9",
                  "fontFamily": "Inter-Regular",
                  "fontSize": 13,
                  "lineHeight": 18,
                  "marginTop": 4,
                  "textDecorationLine": "underline",
                }
              }
            >
              switchTo, {"tokenName":"PHP"}
            </Text>
          </View>
        </View>
        <TextInput
          autoCapitalize="words"
          autoFocus={true}
          keyboardType="decimal-pad"
          onChangeText={[Function]}
          placeholder="0"
          placeholderTextColor="#B4B9BD"
          style={
            Object {
              "color": "#9C6E00",
              "flex": 1,
              "fontFamily": "Inter-Regular",
              "fontSize": 24,
              "height": 60,
              "lineHeight": 39,
              "marginLeft": 10,
              "textAlign": "right",
            }
          }
          testID="ExchangeInput"
          value=""
        />
      </View>
      <View
        style={
          Array [
            Object {
              "flexDirection": "row",
              "flexWrap": "wrap",
              "justifyContent": "space-between",
              "marginVertical": 5,
            },
            undefined,
          ]
        }
      >
        <View
          style={
            Object {
              "alignItems": "center",
              "flexDirection": "row",
              "marginRight": 5,
            }
          }
        >
          <Text
            style={
              Array [
                Object {
                  "color": "#2E3338",
                  "fontFamily": "Inter-Regular",
                  "fontSize": 16,
                  "lineHeight": 22,
                },
                Object {
                  "color": "#2E3338",
                  "fontFamily": "Inter-Regular",
                  "fontSize": 14,
                  "lineHeight": 18,
                },
              ]
            }
          >
            Subtotal @
             
            <Text
              style={
                Array [
                  undefined,
                  Object {
                    "color": undefined,
                  },
                ]
              }
              testID="undefined/value"
            >
              
              ₱
              181.81
            </Text>
          </Text>
        </View>
        <Text
          style={
            Array [
              Object {
                "color": "#2E3338",
                "fontFamily": "Inter-Regular",
                "fontSize": 16,
                "lineHeight": 22,
              },
              Object {
                "color": "#2E3338",
                "fontFamily": "Inter-Regular",
                "fontSize": 14,
                "lineHeight": 18,
              },
            ]
          }
          testID="LineItemRow/undefined"
        >
          <Text
            style={
              Array [
                undefined,
                Object {
                  "color": undefined,
                },
              ]
            }
            testID="undefined/value"
          >
            
            ₱
            0.00
          </Text>
        </Text>
      </View>
    </View>
  </RCTScrollView>
  <View
    accessible={true}
    focusable={true}
    onClick={[Function]}
    onResponderGrant={[Function]}
    onResponderMove={[Function]}
    onResponderRelease={[Function]}
    onResponderTerminate={[Function]}
    onResponderTerminationRequest={[Function]}
    onStartShouldSetResponder={[Function]}
    style={
      Array [
        undefined,
        Object {
          "opacity": 1,
        },
      ]
    }
  >
    <View
      style={
        Array [
          Object {
            "flexDirection": "row",
            "flexWrap": "wrap",
            "justifyContent": "space-between",
            "marginVertical": 5,
          },
          Object {
            "justifyContent": "center",
          },
        ]
      }
    >
      <View
        style={
          Object {
            "alignItems": "center",
            "flexDirection": "row",
            "marginRight": 5,
          }
        }
      >
        <Text
          style={
            Array [
              Object {
                "color": "#2E3338",
                "fontFamily": "Inter-Regular",
                "fontSize": 16,
                "lineHeight": 22,
              },
              Object {
                "color": "#81868B",
                "fontFamily": "Inter-Regular",
                "fontSize": 14,
                "lineHeight": 18,
                "marginRight": 4,
              },
            ]
          }
        >
          exchangeRateInfo
        </Text>
        <svg
          fill="none"
          height={14}
          viewBox="0 0 16 16"
          width={14}
        >
          <circle
            cx="8"
            cy="8"
            r="7"
            stroke="#2E3338"
            strokeWidth="1.25"
          />
          <path
            d="M8 12V7M8 6V5"
            stroke="#2E3338"
            strokeWidth="1.25"
          />
        </svg>
      </View>
    </View>
  </View>
  <View
    style={
      Array [
        Object {
          "flexDirection": "column",
        },
        Object {
          "padding": 16,
        },
      ]
    }
  >
    <View
      style={
        Array [
          Object {
            "overflow": "hidden",
          },
          Object {
            "borderRadius": 100,
          },
        ]
      }
    >
      <View
        accessibilityState={
          Object {
            "disabled": true,
          }
        }
        accessible={true}
        focusable={false}
        nativeBackgroundAndroid={
          Object {
            "attribute": "selectableItemBackground",
            "rippleRadius": undefined,
            "type": "ThemeAttrAndroid",
          }
        }
        onClick={[Function]}
        onResponderGrant={[Function]}
        onResponderMove={[Function]}
        onResponderRelease={[Function]}
        onResponderTerminate={[Function]}
        onResponderTerminationRequest={[Function]}
        onStartShouldSetResponder={[Function]}
        style={
          Object {
            "alignItems": "center",
            "backgroundColor": "#F1F0EB",
            "flexGrow": 1,
            "height": 48,
            "justifyContent": "center",
            "opacity": undefined,
            "paddingHorizontal": 24,
            "paddingVertical": 5,
          }
        }
        testID="ExchangeReviewButton"
      >
        <Text
          accessibilityLabel="continue"
          maxFontSizeMultiplier={1}
          style={
            Object {
              "color": "#9CA4A9",
              "fontFamily": "Inter-SemiBold",
              "fontSize": 16,
              "lineHeight": 22,
            }
          }
        >
          review
        </Text>
      </View>
    </View>
  </View>
  <Modal
    animationType="none"
    hardwareAccelerated={false}
    hideModalContentWhileAnimating={false}
    onModalHide={[Function]}
    onModalWillHide={[Function]}
    onModalWillShow={[Function]}
    onRequestClose={[Function]}
    scrollHorizontal={false}
    scrollOffset={0}
    scrollOffsetMax={0}
    scrollTo={null}
    statusBarTranslucent={true}
    supportedOrientations={
      Array [
        "portrait",
        "landscape",
      ]
    }
    swipeThreshold={100}
    transparent={true}
    visible={false}
  >
    <View
      accessible={true}
      collapsable={false}
      focusable={true}
      forwardedRef={[Function]}
      nativeID="animatedComponent"
      onClick={[Function]}
      onResponderGrant={[Function]}
      onResponderMove={[Function]}
      onResponderRelease={[Function]}
      onResponderTerminate={[Function]}
      onResponderTerminationRequest={[Function]}
      onStartShouldSetResponder={[Function]}
      style={
        Object {
          "backgroundColor": "black",
          "bottom": 0,
          "height": 1334,
          "left": 0,
          "opacity": 0,
          "position": "absolute",
          "right": 0,
          "top": 0,
          "width": 750,
        }
      }
    />
    <View
      collapsable={false}
      forwardedRef={[Function]}
      hideModalContentWhileAnimating={false}
      nativeID="animatedComponent"
      onModalHide={[Function]}
      onModalWillHide={[Function]}
      onModalWillShow={[Function]}
      pointerEvents="box-none"
      scrollHorizontal={false}
      scrollOffset={0}
      scrollOffsetMax={0}
      scrollTo={null}
      statusBarTranslucent={true}
      style={
        Object {
          "flex": 1,
          "justifyContent": "center",
          "margin": 37.5,
          "transform": Array [
            Object {
              "translateY": 0,
            },
          ],
        }
      }
      supportedOrientations={
        Array [
          "portrait",
          "landscape",
        ]
      }
      swipeThreshold={100}
    >
      <RNCSafeAreaView>
        <View
          style={
            Array [
              Object {
                "backgroundColor": "#FFFFFF",
                "padding": 16,
              },
              Object {
                "borderRadius": 8,
              },
              Object {
                "elevation": 12,
                "shadowColor": "rgba(156, 164, 169, 0.4)",
                "shadowOffset": Object {
                  "height": 2,
                  "width": 0,
                },
                "shadowOpacity": 1,
                "shadowRadius": 12,
              },
              Array [
                Object {
                  "backgroundColor": "#FFFFFF",
                  "maxHeight": "100%",
                  "padding": 24,
                },
                undefined,
              ],
            ]
          }
        >
          <RCTScrollView
            contentContainerStyle={
              Object {
                "alignItems": "center",
              }
            }
          >
            <View>
              <Text
                style={
                  Object {
                    "color": "#2E3338",
                    "fontFamily": "Jost-Medium",
                    "fontSize": 22,
                    "lineHeight": 28,
                    "marginBottom": 12,
                    "textAlign": "center",
                  }
                }
              >
                rateInfoTitle
              </Text>
              <Text
                style={
                  Object {
                    "color": "#2E3338",
                    "fontFamily": "Inter-Regular",
                    "fontSize": 16,
                    "lineHeight": 22,
                    "marginBottom": 24,
                    "textAlign": "center",
                  }
                }
              >
                rateInfoBody
              </Text>
            </View>
          </RCTScrollView>
          <View
            style={
              Object {
                "flexDirection": "row",
                "flexWrap": "wrap",
                "justifyContent": "space-around",
                "maxWidth": "100%",
              }
            }
          >
            <View
              accessible={true}
              focusable={true}
              nativeBackgroundAndroid={
                Object {
                  "attribute": "selectableItemBackgroundBorderless",
                  "rippleRadius": undefined,
                  "type": "ThemeAttrAndroid",
                }
              }
              onClick={[Function]}
              onResponderGrant={[Function]}
              onResponderMove={[Function]}
              onResponderRelease={[Function]}
              onResponderTerminate={[Function]}
              onResponderTerminationRequest={[Function]}
              onStartShouldSetResponder={[Function]}
            >
              <Text
                style={
                  Array [
                    Object {
                      "color": "#45ADA8",
                      "fontFamily": "Inter-SemiBold",
                      "fontSize": 16,
                      "lineHeight": 22,
                    },
                    Object {
                      "color": "#9CA4A9",
                      "paddingTop": 16,
                    },
                  ]
                }
              >
                dismiss
              </Text>
            </View>
          </View>
        </View>
      </RNCSafeAreaView>
    </View>
  </Modal>
  <View
    collapsable={false}
    style={
      Array [
        Object {
          "bottom": 0,
          "left": 0,
          "right": 0,
        },
        Object {
          "height": 0,
        },
        undefined,
      ]
    }
  />
</RNCSafeAreaView>
`;
