// Jest Snapshot v1, https://goo.gl/fbAQLP

exports[`WithdrawCeloQrScannerScreen renders correctly 1`] = `
<View
  androidCameraPermissionOptions={null}
  barCodeTypes={
    [
      undefined,
    ]
  }
  captureAudio={false}
  notAuthorizedView={<NotAuthorizedView />}
  onBarCodeRead={[Function]}
  style={
    {
      "flex": 1,
      "overflow": "hidden",
    }
  }
  testID="Camera"
/>
`;
