// Jest Snapshot v1, https://goo.gl/fbAQLP

exports[`WithdrawCeloReviewScreen renders correctly 1`] = `
<RNCSafeAreaView
  edges={
    [
      "bottom",
    ]
  }
  style={
    {
      "flex": 1,
      "justifyContent": "space-between",
    }
  }
>
  <View
    style={
      {
        "flex": 1,
        "marginTop": 38,
        "paddingHorizontal": 16,
      }
    }
  >
    <View
      style={
        [
          {
            "flexDirection": "row",
            "flexWrap": "wrap",
            "justifyContent": "space-between",
            "marginVertical": 5,
          },
          undefined,
        ]
      }
    >
      <View
        style={
          {
            "alignItems": "center",
            "flexDirection": "row",
            "marginRight": 5,
          }
        }
      >
        <Text
          style={
            [
              {
                "color": "#2E3338",
                "fontFamily": "Inter-Regular",
                "fontSize": 16,
                "lineHeight": 22,
              },
              {
                "color": "#2E3338",
                "fontFamily": "Inter-Regular",
                "fontSize": 16,
                "lineHeight": 22,
              },
            ]
          }
          testID="LineItemRowTitle/undefined"
        >
          withdrawCeloTo
        </Text>
      </View>
      <Text
        style={
          [
            {
              "color": "#2E3338",
              "fontFamily": "Inter-Regular",
              "fontSize": 16,
              "lineHeight": 22,
            },
            {
              "color": "#2E3338",
              "fontFamily": "Inter-Regular",
              "fontSize": 16,
              "lineHeight": 22,
            },
          ]
        }
        testID="LineItemRow/undefined"
      >
        <Text
          style={
            {
              "color": "#2E3338",
              "fontFamily": "Inter-Regular",
              "fontSize": 19,
              "lineHeight": 22,
            }
          }
        >
          0xcc64...d23c
        </Text>
      </Text>
    </View>
    <View
      style={
        {
          "borderStyle": "solid",
          "borderTopColor": "#F8F9F9",
          "borderTopWidth": 1,
          "marginBottom": 15,
          "marginTop": 10,
          "width": "100%",
        }
      }
    />
    <View>
      <View
        style={
          [
            {
              "flexDirection": "row",
              "flexWrap": "wrap",
              "justifyContent": "space-between",
              "marginVertical": 5,
            },
            undefined,
          ]
        }
      >
        <View
          style={
            {
              "alignItems": "center",
              "flexDirection": "row",
              "marginRight": 5,
            }
          }
        >
          <Text
            style={
              [
                {
                  "color": "#2E3338",
                  "fontFamily": "Inter-Regular",
                  "fontSize": 16,
                  "lineHeight": 22,
                },
                {
                  "color": "#2E3338",
                  "fontFamily": "Inter-Regular",
                  "fontSize": 16,
                  "lineHeight": 22,
                },
              ]
            }
            testID="LineItemRowTitle/undefined"
          >
            withdrawCeloAmount
          </Text>
        </View>
        <Text
          style={
            [
              {
                "color": "#2E3338",
                "fontFamily": "Inter-Regular",
                "fontSize": 16,
                "lineHeight": 22,
              },
              {
                "color": "#2E3338",
                "fontFamily": "Inter-Regular",
                "fontSize": 16,
                "lineHeight": 22,
              },
            ]
          }
          testID="LineItemRow/undefined"
        >
          <Text
            style={
              [
                undefined,
                {
                  "color": undefined,
                },
              ]
            }
            testID="undefined/value"
          >
            5.001
          </Text>
        </Text>
      </View>
      <View>
        <View
          accessibilityState={
            {
              "busy": undefined,
              "checked": undefined,
              "disabled": undefined,
              "expanded": undefined,
              "selected": undefined,
            }
          }
          accessibilityValue={
            {
              "max": undefined,
              "min": undefined,
              "now": undefined,
              "text": undefined,
            }
          }
          accessible={true}
          focusable={true}
          nativeBackgroundAndroid={
            {
              "attribute": "selectableItemBackground",
              "rippleRadius": undefined,
              "type": "ThemeAttrAndroid",
            }
          }
          onClick={[Function]}
          onResponderGrant={[Function]}
          onResponderMove={[Function]}
          onResponderRelease={[Function]}
          onResponderTerminate={[Function]}
          onResponderTerminationRequest={[Function]}
          onStartShouldSetResponder={[Function]}
          testID="feeDrawer/WithdrawCelo"
        >
          <View
            style={
              {
                "flexDirection": "row",
                "justifyContent": "space-between",
              }
            }
          >
            <View
              style={
                [
                  {
                    "alignItems": "center",
                    "flexDirection": "row",
                    "flexWrap": "wrap",
                  },
                  undefined,
                ]
              }
            >
              <Text
                style={
                  {
                    "color": "#2E3338",
                    "fontFamily": "Inter-Regular",
                    "fontSize": 16,
                    "lineHeight": 22,
                  }
                }
              >
                feeEstimate
              </Text>
              <View
                style={
                  {
                    "marginLeft": 7,
                    "transform": [
                      {
                        "rotate": "0deg",
                      },
                    ],
                  }
                }
              >
                <svg
                  fill="none"
                  height={16}
                  viewBox="0 0 16 16"
                  width={16}
                >
                  <path
                    d="M3 6l5 5 5-5"
                    stroke="#757575"
                  />
                </svg>
              </View>
            </View>
            <View
              style={
                [
                  {
                    "flexDirection": "row",
                    "flexWrap": "wrap",
                    "justifyContent": "space-between",
                    "marginVertical": 5,
                  },
                  undefined,
                ]
              }
            >
              <View
                style={
                  {
                    "alignItems": "center",
                    "flexDirection": "row",
                    "marginRight": 5,
                  }
                }
              >
                <Text
                  style={
                    [
                      {
                        "color": "#2E3338",
                        "fontFamily": "Inter-Regular",
                        "fontSize": 16,
                        "lineHeight": 22,
                      },
                      undefined,
                    ]
                  }
                  testID="LineItemRowTitle/undefined"
                />
              </View>
              <Text
                style={
                  [
                    {
                      "color": "#2E3338",
                      "fontFamily": "Inter-Regular",
                      "fontSize": 16,
                      "lineHeight": 22,
                    },
                    undefined,
                  ]
                }
                testID="LineItemRow/undefined"
              >
                <Text
                  style={
                    [
                      undefined,
                      {
                        "color": undefined,
                      },
                    ]
                  }
                  testID="feeDrawer/WithdrawCelo/totalFee/value"
                >
                  1
                </Text>
              </Text>
            </View>
          </View>
        </View>
      </View>
      <View
        style={
          [
            {
              "flexDirection": "row",
              "flexWrap": "wrap",
              "justifyContent": "space-between",
              "marginVertical": 5,
            },
            undefined,
          ]
        }
      >
        <View
          style={
            {
              "alignItems": "center",
              "flexDirection": "row",
              "marginRight": 5,
            }
          }
        >
          <Text
            style={
              [
                {
                  "color": "#2E3338",
                  "fontFamily": "Inter-Regular",
                  "fontSize": 16,
                  "lineHeight": 22,
                },
                {
                  "color": "#2E3338",
                  "fontFamily": "Inter-SemiBold",
                  "fontSize": 16,
                  "lineHeight": 22,
                },
              ]
            }
            testID="LineItemRowTitle/undefined"
          >
            total
          </Text>
        </View>
        <Text
          style={
            [
              {
                "color": "#2E3338",
                "fontFamily": "Inter-Regular",
                "fontSize": 16,
                "lineHeight": 22,
              },
              {
                "color": "#2E3338",
                "fontFamily": "Inter-SemiBold",
                "fontSize": 16,
                "lineHeight": 22,
              },
            ]
          }
          testID="LineItemRow/undefined"
        >
          <Text
            style={
              [
                undefined,
                {
                  "color": undefined,
                },
              ]
            }
            testID="TotalLineItem/Total/value"
          >
            5.001
          </Text>
        </Text>
      </View>
      <View
        style={
          [
            {
              "flexDirection": "row",
              "flexWrap": "wrap",
              "justifyContent": "space-between",
              "marginVertical": 5,
            },
            {
              "marginVertical": 0,
            },
          ]
        }
      >
        <View
          style={
            {
              "alignItems": "center",
              "flexDirection": "row",
              "marginRight": 5,
            }
          }
        >
          <Text
            style={
              [
                {
                  "color": "#2E3338",
                  "fontFamily": "Inter-Regular",
                  "fontSize": 16,
                  "lineHeight": 22,
                },
                {
                  "color": "#666666",
                  "fontFamily": "Inter-Regular",
                  "fontSize": 14,
                  "lineHeight": 18,
                },
              ]
            }
            testID="LineItemRowTitle/undefined"
          >
            <View
              accessibilityState={
                {
                  "busy": undefined,
                  "checked": undefined,
                  "disabled": true,
                  "expanded": undefined,
                  "selected": undefined,
                }
              }
              accessibilityValue={
                {
                  "max": undefined,
                  "min": undefined,
                  "now": undefined,
                  "text": undefined,
                }
              }
              accessible={true}
              focusable={false}
              nativeBackgroundAndroid={
                {
                  "attribute": "selectableItemBackground",
                  "rippleRadius": undefined,
                  "type": "ThemeAttrAndroid",
                }
              }
              onClick={[Function]}
              onResponderGrant={[Function]}
              onResponderMove={[Function]}
              onResponderRelease={[Function]}
              onResponderTerminate={[Function]}
              onResponderTerminationRequest={[Function]}
              onStartShouldSetResponder={[Function]}
            >
              <Text
                style={
                  {
                    "color": "#666666",
                    "fontFamily": "Inter-Regular",
                    "fontSize": 14,
                    "lineHeight": 18,
                  }
                }
              >
                totalInCelo
                <Text
                  style={
                    [
                      undefined,
                      {
                        "color": undefined,
                      },
                    ]
                  }
                  testID="TotalLineItem/ExchangeRate/value"
                >
                  $
                  3.00
                </Text>
              </Text>
            </View>
          </Text>
        </View>
        <Text
          style={
            [
              {
                "color": "#2E3338",
                "fontFamily": "Inter-Regular",
                "fontSize": 16,
                "lineHeight": 22,
              },
              {
                "color": "#666666",
                "fontFamily": "Inter-Regular",
                "fontSize": 14,
                "lineHeight": 18,
              },
            ]
          }
          testID="LineItemRow/undefined"
        >
          <Text
            style={
              [
                undefined,
                {
                  "color": undefined,
                },
              ]
            }
            testID="TotalLineItem/Subtotal/value"
          >
            ₱
            15.00
          </Text>
        </Text>
      </View>
    </View>
  </View>
  <View
    style={
      [
        {
          "flexDirection": "column",
        },
        {
          "padding": 16,
        },
      ]
    }
  >
    <View
      style={
        [
          {
            "overflow": "hidden",
          },
          {
            "borderRadius": 100,
          },
        ]
      }
    >
      <View
        accessibilityState={
          {
            "busy": undefined,
            "checked": undefined,
            "disabled": false,
            "expanded": undefined,
            "selected": undefined,
          }
        }
        accessibilityValue={
          {
            "max": undefined,
            "min": undefined,
            "now": undefined,
            "text": undefined,
          }
        }
        accessible={true}
        focusable={true}
        nativeBackgroundAndroid={
          {
            "attribute": "selectableItemBackground",
            "rippleRadius": undefined,
            "type": "ThemeAttrAndroid",
          }
        }
        onClick={[Function]}
        onResponderGrant={[Function]}
        onResponderMove={[Function]}
        onResponderRelease={[Function]}
        onResponderTerminate={[Function]}
        onResponderTerminationRequest={[Function]}
        onStartShouldSetResponder={[Function]}
        style={
          [
            {
              "alignItems": "center",
              "backgroundColor": "#EEB93C",
              "flexDirection": "row",
              "flexGrow": 1,
              "height": 48,
              "justifyContent": "center",
              "opacity": undefined,
              "paddingHorizontal": 24,
              "paddingVertical": 5,
            },
            undefined,
          ]
        }
        testID="ConfirmWithdrawButton"
      >
        <Text
          maxFontSizeMultiplier={1}
          style={
            {
              "color": "#FFFFFF",
              "fontFamily": "Inter-SemiBold",
              "fontSize": 16,
              "lineHeight": 22,
              "marginLeft": 0,
              "marginRight": 0,
            }
          }
        >
          withdraw
        </Text>
      </View>
    </View>
  </View>
</RNCSafeAreaView>
`;
