// Jest Snapshot v1, https://goo.gl/fbAQLP

exports[`ReclaimPaymentConfirmationCard renders correctly for send payment confirmation 1`] = `
<View
  style={
    {
      "flex": 1,
      "justifyContent": "center",
    }
  }
>
  <View
    style={
      {
        "alignItems": "center",
        "flexDirection": "column",
        "justifyContent": "center",
        "marginBottom": 10,
      }
    }
  >
    <View
      style={
        [
          {
            "alignItems": "center",
            "flexDirection": "row",
            "justifyContent": "center",
          },
          undefined,
        ]
      }
    >
      <View
        style={
          [
            {
              "alignItems": "center",
              "justifyContent": "center",
            },
            {
              "backgroundColor": "hsl(0, 53%, 93%)",
              "borderRadius": 20,
              "height": 40,
              "width": 40,
            },
            undefined,
          ]
        }
      >
        <Text
          allowFontScaling={false}
          style={
            [
              {
                "color": "#FFFFFF",
                "fontFamily": "Inter-Medium",
                "fontSize": 16,
              },
              {
                "color": "hsl(0, 67%, 24%)",
                "fontSize": 20,
              },
            ]
          }
        >
          J
        </Text>
      </View>
    </View>
    <Text
      ellipsizeMode="tail"
      numberOfLines={1}
      style={
        [
          {
            "color": "#2E3338",
            "fontFamily": "Inter-Medium",
            "fontSize": 14,
            "lineHeight": 18,
          },
          {
            "marginHorizontal": 20,
            "paddingTop": 6,
            "textAlign": "center",
          },
        ]
      }
    >
      John Doe
    </Text>
    <View
      style={
        {
          "flexDirection": "row",
        }
      }
    >
      <Text
        style={
          [
            {
              "color": "#2E3338",
              "fontFamily": "Inter-Regular",
              "fontSize": 14,
              "lineHeight": 18,
            },
            {
              "alignItems": "center",
              "justifyContent": "center",
              "marginRight": 4,
            },
          ]
        }
      >
        🇺🇸
      </Text>
      <Text
        style={
          {
            "color": "#2E3338",
            "fontFamily": "Inter-Medium",
            "fontSize": 14,
            "lineHeight": 18,
          }
        }
      >
        +1 415-555-0000
      </Text>
    </View>
  </View>
  <View
    style={
      {
        "borderStyle": "solid",
        "borderTopColor": "#E6E6E6",
        "borderTopWidth": 1,
        "marginBottom": 15,
        "marginTop": 10,
        "width": "100%",
      }
    }
  />
  <View
    style={
      [
        {
          "flexDirection": "row",
          "flexWrap": "wrap",
          "justifyContent": "space-between",
          "marginVertical": 5,
        },
        undefined,
      ]
    }
  >
    <View
      style={
        {
          "alignItems": "center",
          "flexDirection": "row",
          "marginRight": 5,
        }
      }
    >
      <Text
        style={
          [
            {
              "color": "#2E3338",
              "fontFamily": "Inter-Medium",
              "fontSize": 16,
              "lineHeight": 24,
            },
            undefined,
          ]
        }
        testID="LineItemRowTitle/ReclaimAmount"
      >
        amount
      </Text>
    </View>
    <Text
      style={
        [
          {
            "color": "#2E3338",
            "fontFamily": "Inter-Medium",
            "fontSize": 16,
            "lineHeight": 24,
          },
          undefined,
        ]
      }
      testID="LineItemRow/ReclaimAmount"
    >
      <Text>
        ₱
        13.30
      </Text>
    </Text>
  </View>
  <View
    style={
      [
        {
          "flexDirection": "row",
          "flexWrap": "wrap",
          "justifyContent": "space-between",
          "marginVertical": 5,
        },
        undefined,
      ]
    }
  >
    <View
      style={
        {
          "alignItems": "center",
          "flexDirection": "row",
          "marginRight": 5,
        }
      }
    >
      <Text
        style={
          [
            {
              "color": "#2E3338",
              "fontFamily": "Inter-Medium",
              "fontSize": 16,
              "lineHeight": 24,
            },
            undefined,
          ]
        }
        testID="LineItemRowTitle/SecurityFee"
      >
        securityFee
      </Text>
      <View
        accessibilityState={
          {
            "busy": undefined,
            "checked": undefined,
            "disabled": undefined,
            "expanded": undefined,
            "selected": undefined,
          }
        }
        accessibilityValue={
          {
            "max": undefined,
            "min": undefined,
            "now": undefined,
            "text": undefined,
          }
        }
        accessible={true}
        focusable={true}
        hitSlop={
          {
            "bottom": 10,
            "left": 10,
            "right": 10,
            "top": 10,
          }
        }
        nativeBackgroundAndroid={
          {
            "attribute": "selectableItemBackgroundBorderless",
            "rippleRadius": undefined,
            "type": "ThemeAttrAndroid",
          }
        }
        onClick={[Function]}
        onResponderGrant={[Function]}
        onResponderMove={[Function]}
        onResponderRelease={[Function]}
        onResponderTerminate={[Function]}
        onResponderTerminationRequest={[Function]}
        onStartShouldSetResponder={[Function]}
        style={
          {
            "alignItems": "center",
            "justifyContent": "flex-end",
            "paddingHorizontal": 5,
          }
        }
      >
        <svg
          fill="none"
          height={12}
          viewBox="0 0 16 16"
          width={12}
        >
          <circle
            cx="8"
            cy="8"
            r="7"
            stroke="#2E3338"
            strokeWidth="1.25"
          />
          <path
            d="M8 12V7M8 6V5"
            stroke="#2E3338"
            strokeWidth="1.25"
          />
        </svg>
      </View>
      <Modal
        animationType="none"
        deviceHeight={1334}
        deviceWidth={null}
        hardwareAccelerated={false}
        hideModalContentWhileAnimating={false}
        onBackdropPress={[Function]}
        onModalHide={[Function]}
        onModalWillHide={[Function]}
        onModalWillShow={[Function]}
        onRequestClose={[Function]}
        panResponderThreshold={4}
        scrollHorizontal={false}
        scrollOffset={0}
        scrollOffsetMax={0}
        scrollTo={null}
        statusBarTranslucent={true}
        supportedOrientations={
          [
            "portrait",
            "landscape",
          ]
        }
        swipeThreshold={100}
        transparent={true}
        visible={false}
      />
    </View>
    <Text
      style={
        [
          {
            "color": "#2E3338",
            "fontFamily": "Inter-Medium",
            "fontSize": 16,
            "lineHeight": 24,
          },
          undefined,
        ]
      }
      testID="LineItemRow/SecurityFee"
    >
      <Text
        testID="ReclaimFee"
      >
        ₱
        0.013
      </Text>
    </Text>
  </View>
  <View
    style={
      {
        "borderStyle": "solid",
        "borderTopColor": "#E6E6E6",
        "borderTopWidth": 1,
        "marginBottom": 15,
        "marginTop": 10,
        "width": "100%",
      }
    }
  />
  <View
    style={
      [
        {
          "flexDirection": "row",
          "flexWrap": "wrap",
          "justifyContent": "space-between",
          "marginVertical": 5,
        },
        undefined,
      ]
    }
  >
    <View
      style={
        {
          "alignItems": "center",
          "flexDirection": "row",
          "marginRight": 5,
        }
      }
    >
      <Text
        style={
          [
            {
              "color": "#2E3338",
              "fontFamily": "Inter-Medium",
              "fontSize": 16,
              "lineHeight": 24,
            },
            {
              "fontFamily": "Inter-SemiBold",
              "fontSize": 16,
              "lineHeight": 24,
            },
          ]
        }
        testID="LineItemRowTitle/undefined"
      >
        totalRefunded
      </Text>
    </View>
    <Text
      style={
        [
          {
            "color": "#2E3338",
            "fontFamily": "Inter-Medium",
            "fontSize": 16,
            "lineHeight": 24,
          },
          {
            "fontFamily": "Inter-SemiBold",
            "fontSize": 16,
            "lineHeight": 24,
          },
        ]
      }
      testID="LineItemRow/undefined"
    >
      <Text
        testID="TotalLineItem/Total"
      >
        ₱
        13.29
      </Text>
    </Text>
  </View>
  <View
    style={
      [
        {
          "flexDirection": "row",
          "flexWrap": "wrap",
          "justifyContent": "space-between",
          "marginVertical": 5,
        },
        {
          "marginVertical": 0,
        },
      ]
    }
  >
    <View
      style={
        {
          "alignItems": "center",
          "flexDirection": "row",
          "marginRight": 5,
        }
      }
    >
      <Text
        style={
          [
            {
              "color": "#2E3338",
              "fontFamily": "Inter-Medium",
              "fontSize": 16,
              "lineHeight": 24,
            },
            {
              "color": "#666666",
              "fontFamily": "Inter-Medium",
              "fontSize": 14,
              "lineHeight": 20,
            },
          ]
        }
        testID="LineItemRowTitle/undefined"
      >
        <Text
          style={
            {
              "color": "#666666",
              "fontFamily": "Inter-Medium",
              "fontSize": 14,
              "lineHeight": 20,
            }
          }
          testID="TotalLineItem/ExchangeRate"
        >
          tokenExchanteRate, {"symbol":"cUSD"}
          <Text>
            ₱
            1.33
          </Text>
        </Text>
      </Text>
    </View>
    <Text
      style={
        [
          {
            "color": "#2E3338",
            "fontFamily": "Inter-Medium",
            "fontSize": 16,
            "lineHeight": 24,
          },
          {
            "color": "#666666",
            "fontFamily": "Inter-Medium",
            "fontSize": 14,
            "lineHeight": 20,
          },
        ]
      }
      testID="LineItemRow/undefined"
    >
      <Text
        testID="TotalLineItem/Subtotal"
      >
        9.99
         cUSD
      </Text>
    </Text>
  </View>
</View>
`;
