// Jest Snapshot v1, https://goo.gl/fbAQLP

exports[`AppLoading renders correctly 1`] = `
<RNCSafeAreaView
  edges={
    {
      "bottom": "additive",
      "left": "additive",
      "right": "additive",
      "top": "additive",
    }
  }
  style={
    {
      "alignItems": "center",
      "backgroundColor": "#1AB775",
      "flex": 1,
      "justifyContent": "center",
      "width": "100%",
    }
  }
>
  <View
    style={
      {
        "alignItems": "center",
        "flex": 1,
        "justifyContent": "flex-end",
        "paddingLeft": 20,
        "paddingRight": 20,
      }
    }
  />
</RNCSafeAreaView>
`;
